[webtend.net/demo/html/landio/index04b9.html]
[backblue.gif]
[fade.gif]
[index.html]
[webtend.net/demo/html/landio/assets/img/favicon.png]
[webtend.net/demo/html/landio/assets/css/bootstrap.min.css]
[webtend.net/demo/html/landio/assets/css/slick.min.css]
[webtend.net/demo/html/landio/assets/css/magnific-popup.min.css]
[webtend.net/demo/html/landio/assets/css/nice-select.min.css]
[webtend.net/demo/html/landio/assets/css/animate.min.css]
[webtend.net/demo/html/landio/assets/fonts/fontawesome/css/all.min.css]
[webtend.net/demo/html/landio/assets/fonts/flaticon/flaticon.css]
[webtend.net/demo/html/landio/assets/css/spacing.min.css]
[webtend.net/demo/html/landio/assets/css/style.css]
[webtend.net/demo/html/landio/assets/css/responsive.css]
[webtend.net/demo/html/landio/assets/img/preloader-logo.png]
[webtend.net/demo/html/landio/index.html]
[webtend.net/demo/html/landio/assets/img/logo-1.png]
[webtend.net/demo/html/landio/index-2.html]
[webtend.net/demo/html/landio/index-3.html]
[webtend.net/demo/html/landio/index-4.html]
[webtend.net/demo/html/landio/index-5.html]
[webtend.net/demo/html/landio/index-6.html]
[webtend.net/demo/html/landio/index-7.html]
[webtend.net/demo/html/landio/index-8.html]
[webtend.net/demo/html/landio/services.html]
[webtend.net/demo/html/landio/service-details.html]
[webtend.net/demo/html/landio/about.html]
[webtend.net/demo/html/landio/team.html]
[webtend.net/demo/html/landio/pricing.html]
[webtend.net/demo/html/landio/coming-soon.html]
[webtend.net/demo/html/landio/404.html]
[webtend.net/demo/html/landio/blog-standard.html]
[webtend.net/demo/html/landio/blog-details.html]
[webtend.net/demo/html/landio/contact.html]
[webtend.net/demo/html/landio/assets/img/particle/particle-1.png]
[webtend.net/demo/html/landio/assets/img/particle/particle-2.png]
[webtend.net/demo/html/landio/assets/img/particle/particle-3.png]
[webtend.net/demo/html/landio/assets/img/particle/particle-4.png]
[webtend.net/demo/html/landio/assets/img/particle/particle-5.png]
[webtend.net/demo/html/landio/assets/img/hero/app-dashboard.jpg]
[webtend.net/demo/html/landio/assets/img/feature/01.png]
[webtend.net/demo/html/landio/assets/img/feature/02.png]
[webtend.net/demo/html/landio/assets/img/preview-gallery/manage-data-1.jpg]
[webtend.net/demo/html/landio/assets/img/preview-gallery/manage-data-2.jpg]
[webtend.net/demo/html/landio/assets/img/preview-gallery/manage-data-3.jpg]
[webtend.net/demo/html/landio/assets/img/preview-gallery/manage-data-4.jpg]
[webtend.net/demo/html/landio/assets/img/preview-gallery/manage-data-5.jpg]
[webtend.net/demo/html/landio/assets/img/preview-gallery/manage-data-6.jpg]
[webtend.net/demo/html/landio/assets/img/fancy-icon-box/01.png]
[webtend.net/demo/html/landio/assets/img/fancy-icon-box/02.png]
[webtend.net/demo/html/landio/assets/img/fancy-icon-box/03.png]
[webtend.net/demo/html/landio/assets/img/fancy-icon-box/04.png]
[webtend.net/demo/html/landio/assets/img/fancy-icon-box/05.png]
[webtend.net/demo/html/landio/assets/img/fancy-icon-box/06.png]
[webtend.net/demo/html/landio/assets/img/preview-gallery/core-statistic-1.jpg]
[webtend.net/demo/html/landio/assets/img/preview-gallery/core-statistic-2.jpg]
[webtend.net/demo/html/landio/assets/img/preview-gallery/core-statistic-4.jpg]
[webtend.net/demo/html/landio/assets/img/preview-gallery/core-statistic-3.jpg]
[webtend.net/demo/html/landio/assets/img/testimonial/author-1.png]
[webtend.net/demo/html/landio/assets/img/testimonial/author-2.png]
[webtend.net/demo/html/landio/assets/img/testimonial/author-3.png]
[webtend.net/demo/html/landio/assets/img/testimonial/author-small-6.png]
[webtend.net/demo/html/landio/assets/img/preview-gallery/count-down.png]
[webtend.net/demo/html/landio/assets/img/preview-gallery/count-down-top.png]
[webtend.net/demo/html/landio/assets/img/preview-gallery/count-down-bottom.png]
[webtend.net/demo/html/landio/assets/img/particle/cta-left-particle-1.png]
[webtend.net/demo/html/landio/assets/img/particle/cta-right-particle-1.png]
[webtend.net/demo/html/landio/assets/js/jquery-3.6.0.min.js]
[webtend.net/demo/html/landio/assets/js/bootstrap.min.js]
[webtend.net/demo/html/landio/assets/js/slick.min.js]
[webtend.net/demo/html/landio/assets/js/jquery.magnific-popup.min.js]
[webtend.net/demo/html/landio/assets/js/jquery.inview.min.js]
[webtend.net/demo/html/landio/assets/js/jquery.nice-select.min.js]
[webtend.net/demo/html/landio/assets/js/wow.min.js]
[webtend.net/demo/html/landio/assets/js/main.js]
[webtend.net/demo/html/landio/index04b9.html]
[webtend.net/demo/html/landio/assets/css/bootstrap.min.css]
[webtend.net/demo/html/landio/assets/css/slick.min.css]
[webtend.net/demo/html/landio/assets/css/magnific-popup.min.css]
[webtend.net/demo/html/landio/assets/css/nice-select.min.css]
[webtend.net/demo/html/landio/assets/css/animate.min.css]
[webtend.net/demo/html/landio/assets/fonts/fontawesome/webfonts/fa-brands-400.eot]
[webtend.net/demo/html/landio/assets/fonts/fontawesome/webfonts/fa-brands-400d41d.eot]
[webtend.net/demo/html/landio/assets/fonts/fontawesome/webfonts/fa-brands-400.woff2]
[webtend.net/demo/html/landio/assets/fonts/fontawesome/webfonts/fa-brands-400.woff]
[webtend.net/demo/html/landio/assets/fonts/fontawesome/webfonts/fa-brands-400.ttf]
[webtend.net/demo/html/landio/assets/fonts/fontawesome/webfonts/fa-brands-400.svg]
[webtend.net/demo/html/landio/assets/fonts/fontawesome/webfonts/fa-light-300.eot]
[webtend.net/demo/html/landio/assets/fonts/fontawesome/webfonts/fa-light-300d41d.eot]
[webtend.net/demo/html/landio/assets/fonts/fontawesome/webfonts/fa-light-300.woff2]
[webtend.net/demo/html/landio/assets/fonts/fontawesome/webfonts/fa-light-300.woff]
[webtend.net/demo/html/landio/assets/fonts/fontawesome/webfonts/fa-light-300.ttf]
[webtend.net/demo/html/landio/assets/fonts/fontawesome/webfonts/fa-light-300.svg]
[webtend.net/demo/html/landio/assets/fonts/fontawesome/webfonts/fa-regular-400.eot]
[webtend.net/demo/html/landio/assets/fonts/fontawesome/webfonts/fa-regular-400d41d.eot]
[webtend.net/demo/html/landio/assets/fonts/fontawesome/webfonts/fa-regular-400.woff2]
[webtend.net/demo/html/landio/assets/fonts/fontawesome/webfonts/fa-regular-400.woff]
[webtend.net/demo/html/landio/assets/fonts/fontawesome/webfonts/fa-regular-400.ttf]
[webtend.net/demo/html/landio/assets/fonts/fontawesome/webfonts/fa-regular-400.svg]
[webtend.net/demo/html/landio/assets/fonts/fontawesome/webfonts/fa-solid-900.eot]
[webtend.net/demo/html/landio/assets/fonts/fontawesome/webfonts/fa-solid-900d41d.eot]
[webtend.net/demo/html/landio/assets/fonts/fontawesome/webfonts/fa-solid-900.woff2]
[webtend.net/demo/html/landio/assets/fonts/fontawesome/webfonts/fa-solid-900.woff]
[webtend.net/demo/html/landio/assets/fonts/fontawesome/webfonts/fa-solid-900.ttf]
[webtend.net/demo/html/landio/assets/fonts/fontawesome/webfonts/fa-solid-900.svg]
[webtend.net/demo/html/landio/assets/fonts/fontawesome/css/all.min.css]
[webtend.net/demo/html/landio/assets/fonts/flaticon/font/flaticon675b.ttf]
[webtend.net/demo/html/landio/assets/fonts/flaticon/font/flaticon675b.woff]
[webtend.net/demo/html/landio/assets/fonts/flaticon/font/flaticon675b.woff2]
[webtend.net/demo/html/landio/assets/fonts/flaticon/font/flaticon675b.eot]
[webtend.net/demo/html/landio/assets/fonts/flaticon/flaticon.css]
[webtend.net/demo/html/landio/assets/css/spacing.min.css]
[webtend.net/demo/html/landio/assets/fonts/flaticon/font/flaticon675b.svg]
[webtend.net/demo/html/landio/assets/fonts/circularstd/CircularStdBold.eot]
[webtend.net/demo/html/landio/assets/fonts/circularstd/CircularStdBold.woff2]
[webtend.net/demo/html/landio/assets/fonts/circularstd/CircularStdBold.woff]
[webtend.net/demo/html/landio/assets/fonts/circularstd/CircularStdBold.ttf]
[webtend.net/demo/html/landio/assets/fonts/circularstd/CircularStdBold.svg]
[webtend.net/demo/html/landio/assets/fonts/circularstd/CircularStdMedium.eot]
[webtend.net/demo/html/landio/assets/fonts/circularstd/CircularStdMedium.woff2]
[webtend.net/demo/html/landio/assets/fonts/circularstd/CircularStdMedium.woff]
[webtend.net/demo/html/landio/assets/fonts/circularstd/CircularStdMedium.ttf]
[webtend.net/demo/html/landio/assets/fonts/circularstd/CircularStdMedium.svg]
[webtend.net/demo/html/landio/assets/fonts/circularstd/CircularStdBook.eot]
[webtend.net/demo/html/landio/assets/fonts/circularstd/CircularStdBook.woff2]
[webtend.net/demo/html/landio/assets/fonts/circularstd/CircularStdBook.woff]
[webtend.net/demo/html/landio/assets/fonts/circularstd/CircularStdBook.ttf]
[webtend.net/demo/html/landio/assets/fonts/circularstd/CircularStdBook.svg]
[webtend.net/demo/html/landio/assets/img/e-wallet-boxed-shape.png]
[webtend.net/demo/html/landio/assets/img/hero/hero-1-overly.png]
[webtend.net/demo/html/landio/assets/img/particle/heading-line.png]
[webtend.net/demo/html/landio/assets/img/hero/hero-1-shadow.png]
[webtend.net/demo/html/landio/assets/img/hero/hero-map-bg.png]
[webtend.net/demo/html/landio/assets/img/particle/title-line-white.png]
[webtend.net/demo/html/landio/assets/img/hero/hero-leaf-bg.jpg]
[webtend.net/demo/html/landio/assets/img/hero/hero-3-line.png]
[webtend.net/demo/html/landio/assets/img/particle/title-line-white-2.png]
[webtend.net/demo/html/landio/assets/img/hero/hero-curve-bg.png]
[webtend.net/demo/html/landio/assets/img/particle/heading-line-2.png]
[webtend.net/demo/html/landio/assets/img/hero/map-bg.png]
[webtend.net/demo/html/landio/assets/img/hero/hero-v8-overly.png]
[webtend.net/demo/html/landio/assets/img/fancy-icon-box/fancy-circle-dots.png]
[webtend.net/demo/html/landio/assets/img/preview-gallery/preview-2-line.png]
[webtend.net/demo/html/landio/assets/img/preview-gallery/preview-two-line.png]
[webtend.net/demo/html/landio/assets/img/preview-gallery/oval-gradient-2.png]
[webtend.net/demo/html/landio/assets/img/preview-gallery/oval-gradient.png]
[webtend.net/demo/html/landio/assets/img/particle/announcement.png]
[webtend.net/demo/html/landio/assets/img/particle/launch-rocket.png]
[webtend.net/demo/html/landio/assets/img/particle/seo-lines.png]
[webtend.net/demo/html/landio/assets/img/particle/section-curve-shape.svg]
[webtend.net/demo/html/landio/assets/img/section-map.png]
[webtend.net/demo/html/landio/assets/img/section-map-2.png]
[webtend.net/demo/html/landio/assets/img/dots-line-pattern-bg.png]
[webtend.net/demo/html/landio/assets/img/cta/simple-cta-bg.png]
[webtend.net/demo/html/landio/assets/img/dots-pattern-bg.png]
[webtend.net/demo/html/landio/assets/img/footer-bg.png]
[webtend.net/demo/html/landio/assets/css/style.css]
[webtend.net/demo/html/landio/assets/css/responsive.css]
[webtend.net/demo/html/landio/index.html]
[webtend.net/demo/html/landio/assets/img/logo-white-2.png]
[webtend.net/demo/html/landio/assets/img/logo-4.png]
[webtend.net/demo/html/landio/assets/img/hero/hero-blob.png]
[webtend.net/demo/html/landio/assets/img/particle/thumbs-up-white.png]
[webtend.net/demo/html/landio/assets/img/particle/announcement-mic-white.png]
[webtend.net/demo/html/landio/assets/img/particle/paper-plane-white.png]
[webtend.net/demo/html/landio/assets/img/icon/infobox-icon-1.png]
[webtend.net/demo/html/landio/assets/img/icon/infobox-icon-2.png]
[webtend.net/demo/html/landio/assets/img/brands/brand-1.png]
[webtend.net/demo/html/landio/assets/img/brands/brand-2.png]
[webtend.net/demo/html/landio/assets/img/brands/brand-3.png]
[webtend.net/demo/html/landio/assets/img/brands/brand-4.png]
[webtend.net/demo/html/landio/assets/img/brands/brand-5.png]
[webtend.net/demo/html/landio/assets/img/about-img-1.png]
[webtend.net/demo/html/landio/assets/img/particle/thumbs-up.png]
[webtend.net/demo/html/landio/assets/img/particle/announcement-mic.png]
[webtend.net/demo/html/landio/assets/img/particle/paper-plane.png]
[webtend.net/demo/html/landio/assets/img/particle/title-line.png]
[webtend.net/demo/html/landio/assets/img/services/service-thumbnail-1.png]
[webtend.net/demo/html/landio/assets/img/services/service-thumbnail-2.png]
[webtend.net/demo/html/landio/assets/img/services/service-thumbnail-3.png]
[webtend.net/demo/html/landio/assets/img/services/service-thumbnail-4.png]
[webtend.net/demo/html/landio/assets/img/services/service-thumbnail-5.png]
[webtend.net/demo/html/landio/assets/img/services/service-thumbnail-6.png]
[webtend.net/demo/html/landio/assets/img/team/member-1.jpg]
[webtend.net/demo/html/landio/assets/img/team/member-3.jpg]
[webtend.net/demo/html/landio/assets/img/team/member-4.jpg]
[webtend.net/demo/html/landio/assets/img/team/member-2.jpg]
[webtend.net/demo/html/landio/assets/img/faq/faq-image.png]
[webtend.net/demo/html/landio/assets/img/pricing/plan-icon.png]
[webtend.net/demo/html/landio/assets/img/blog/blog-thumbnail-1.jpg]
[webtend.net/demo/html/landio/assets/img/blog/blog-thumbnail-2.jpg]
[webtend.net/demo/html/landio/assets/img/particle/cta-left-particle-2.png]
[webtend.net/demo/html/landio/assets/img/particle/cta-right-particle-2.png]
[webtend.net/demo/html/landio/index-2.html]
[webtend.net/cdn-cgi/scripts/5c5dd728/cloudflare-static/email-decode.min.js]
[webtend.net/demo/html/landio/assets/img/hero/hero-mobile-on-hand.png]
[webtend.net/demo/html/landio/assets/img/particle/particle-8.png]
[webtend.net/demo/html/landio/assets/img/particle/particle-9.png]
[webtend.net/demo/html/landio/assets/img/particle/title-line-2.png]
[webtend.net/demo/html/landio/assets/img/preview-gallery/manage-data.png]
[webtend.net/demo/html/landio/assets/img/preview-gallery/collaboration-screenshot.png]
[webtend.net/demo/html/landio/assets/img/services/service-image.png]
[webtend.net/demo/html/landio/assets/img/video/featured-video-cover.jpg]
[webtend.net/demo/html/landio/assets/img/cta/download-app-cta-thumbnail.png]
[webtend.net/demo/html/landio/index-3.html]
[webtend.net/demo/html/landio/assets/img/logo-2.png]
[webtend.net/demo/html/landio/assets/img/hero/author-thumbs/01.jpg]
[webtend.net/demo/html/landio/assets/img/hero/author-thumbs/02.jpg]
[webtend.net/demo/html/landio/assets/img/hero/author-thumbs/03.jpg]
[webtend.net/demo/html/landio/assets/img/hero/author-thumbs/04.jpg]
[webtend.net/demo/html/landio/assets/img/hero/author-thumbs/05.jpg]
[webtend.net/demo/html/landio/assets/img/hero/author-thumbs/06.jpg]
[webtend.net/demo/html/landio/assets/img/hero/chartboard-image-main.png]
[webtend.net/demo/html/landio/assets/img/hero/chartboard-app-preview-1.jpg]
[webtend.net/demo/html/landio/assets/img/hero/chartboard-app-preview-2.jpg]
[webtend.net/demo/html/landio/assets/img/hero/chartboard-app-preview-3.jpg]
[webtend.net/demo/html/landio/assets/img/hero/chartboard-image-secondary.png]
[webtend.net/demo/html/landio/assets/img/icon/flaticon-headphones.png]
[webtend.net/demo/html/landio/assets/img/icon/flaticon-share.png]
[webtend.net/demo/html/landio/assets/img/icon/flaticon-chatting.png]
[webtend.net/demo/html/landio/assets/img/icon/flaticon-satisfaction.png]
[webtend.net/demo/html/landio/assets/img/preview-gallery/live-chat-preview.png]
[webtend.net/demo/html/landio/assets/img/preview-gallery/live-chat-mobile-view.png]
[webtend.net/demo/html/landio/assets/img/preview-gallery/live-chat-activity.jpg]
[webtend.net/demo/html/landio/assets/img/preview-gallery/live-chat-onboard-clients.jpg]
[webtend.net/demo/html/landio/assets/img/preview-gallery/connect-with-team-1.jpg]
[webtend.net/demo/html/landio/assets/img/preview-gallery/connect-with-team-2.jpg]
[webtend.net/demo/html/landio/assets/img/preview-gallery/promote-app-preview.png]
[webtend.net/demo/html/landio/assets/img/testimonial/author-brand-1.png]
[webtend.net/demo/html/landio/assets/img/testimonial/author-small-1.png]
[webtend.net/demo/html/landio/assets/img/testimonial/author-brand-4.png]
[webtend.net/demo/html/landio/assets/img/testimonial/author-small-4.png]
[webtend.net/demo/html/landio/assets/img/testimonial/author-brand-2.png]
[webtend.net/demo/html/landio/assets/img/testimonial/author-small-2.png]
[webtend.net/demo/html/landio/assets/img/testimonial/author-brand-5.png]
[webtend.net/demo/html/landio/assets/img/testimonial/author-small-5.png]
[webtend.net/demo/html/landio/assets/img/testimonial/author-brand-3.png]
[webtend.net/demo/html/landio/assets/img/testimonial/author-small-3.png]
[webtend.net/demo/html/landio/assets/img/testimonial/author-brand-6.png]
[webtend.net/demo/html/landio/assets/img/blog/blog-thumbnail-3.jpg]
[webtend.net/demo/html/landio/assets/img/blog/post-author-1.jpg]
[webtend.net/demo/html/landio/assets/img/blog/blog-thumbnail-4.jpg]
[webtend.net/demo/html/landio/assets/img/blog/post-author-2.jpg]
[webtend.net/demo/html/landio/assets/img/blog/blog-thumbnail-5.jpg]
[webtend.net/demo/html/landio/assets/img/blog/post-author-3.jpg]
[webtend.net/demo/html/landio/index-4.html]
[webtend.net/demo/html/landio/assets/img/particle/newsletter-bg.png]
[webtend.net/demo/html/landio/assets/img/logo-white.png]
[webtend.net/demo/html/landio/www.landio.net]
[webtend.net/demo/html/landio/assets/img/hero/hero-5-thumbnail.jpg]
[webtend.net/demo/html/landio/assets/img/services/service-img-1.jpg]
[webtend.net/demo/html/landio/assets/img/services/service-img-2.jpg]
[webtend.net/demo/html/landio/assets/img/services/service-img-3.jpg]
[webtend.net/demo/html/landio/assets/img/services/service-img-4.jpg]
[webtend.net/demo/html/landio/assets/img/preview-gallery/why-choose-us-1.jpg]
[webtend.net/demo/html/landio/assets/img/preview-gallery/why-choose-us-2.jpg]
[webtend.net/demo/html/landio/assets/img/preview-gallery/testimonial-right-thumbnail-1.jpg]
[webtend.net/demo/html/landio/assets/img/preview-gallery/testimonial-right-thumbnail-2.jpg]
[webtend.net/demo/html/landio/assets/img/blog/blog-thumbnail-7.jpg]
[webtend.net/demo/html/landio/index-5.html]
[webtend.net/demo/html/landio/assets/img/logo-white-3.png]
[webtend.net/demo/html/landio/assets/img/logo-3.png]
[webtend.net/demo/html/landio/assets/img/hero/home-6-slider-bg-1.jpg]
[webtend.net/demo/html/landio/assets/img/hero/home-6-slider-bg-2.jpg]
[webtend.net/demo/html/landio/assets/img/hero/home-6-slider-bg-3.jpg]
[webtend.net/demo/html/landio/assets/img/services/service-thumbnail-7.jpg]
[webtend.net/demo/html/landio/assets/img/services/service-thumbnail-8.jpg]
[webtend.net/demo/html/landio/assets/img/services/service-thumbnail-9.jpg]
[webtend.net/demo/html/landio/assets/img/services/service-thumbnail-10.jpg]
[webtend.net/demo/html/landio/assets/img/preview-gallery/statistic-image-main.png]
[webtend.net/demo/html/landio/assets/img/preview-gallery/statistic-image-top.png]
[webtend.net/demo/html/landio/assets/img/preview-gallery/statistic-image-bottom.png]
[webtend.net/demo/html/landio/assets/img/preview-gallery/service-law-main.jpg]
[webtend.net/demo/html/landio/assets/img/preview-gallery/service-law-top.png]
[webtend.net/demo/html/landio/assets/img/preview-gallery/service-law-bottom.png]
[webtend.net/demo/html/landio/assets/img/video/featured-video-cover-2.jpg]
[webtend.net/demo/html/landio/assets/img/icon/business-analysis.png]
[webtend.net/demo/html/landio/assets/img/icon/consulting.png]
[webtend.net/demo/html/landio/assets/img/icon/finance.png]
[webtend.net/demo/html/landio/assets/img/icon/cog.png]
[webtend.net/demo/html/landio/assets/img/icon/research.png]
[webtend.net/demo/html/landio/assets/img/icon/expense-report.png]
[webtend.net/demo/html/landio/assets/img/icon/data-verification.png]
[webtend.net/demo/html/landio/assets/img/icon/tax.png]
[webtend.net/demo/html/landio/assets/img/cta/cta-bg.jpg]
[webtend.net/demo/html/landio/assets/img/project/project-1.jpg]
[webtend.net/demo/html/landio/assets/img/project/project-2.jpg]
[webtend.net/demo/html/landio/assets/img/project/project-3.jpg]
[webtend.net/demo/html/landio/assets/img/testimonial/author-particle-1.jpg]
[webtend.net/demo/html/landio/assets/img/testimonial/author-particle-2.jpg]
[webtend.net/demo/html/landio/assets/img/testimonial/author-particle-3.jpg]
[webtend.net/demo/html/landio/assets/img/testimonial/author-particle-4.jpg]
[webtend.net/demo/html/landio/assets/img/instagram-thumb/instagram-image-1.jpg]
[webtend.net/demo/html/landio/assets/img/instagram-thumb/instagram-image-2.jpg]
[webtend.net/demo/html/landio/assets/img/instagram-thumb/instagram-image-3.jpg]
[webtend.net/demo/html/landio/assets/img/instagram-thumb/instagram-image-4.jpg]
[webtend.net/demo/html/landio/assets/img/instagram-thumb/instagram-image-5.jpg]
[webtend.net/demo/html/landio/assets/img/instagram-thumb/instagram-image-6.jpg]
[webtend.net/demo/html/landio/index-6.html]
[webtend.net/demo/html/landio/assets/img/hero/notice-icon.png]
[webtend.net/demo/html/landio/assets/img/hero/home-software.png]
[webtend.net/demo/html/landio/assets/img/preview-gallery/design-layout.png]
[webtend.net/demo/html/landio/assets/img/preview-gallery/sof-analysis-01.jpg]
[webtend.net/demo/html/landio/assets/img/preview-gallery/sof-analysis-02.jpg]
[webtend.net/demo/html/landio/assets/img/preview-gallery/sof-analysis-03.jpg]
[webtend.net/demo/html/landio/assets/img/service-tab-img.jpg]
[webtend.net/demo/html/landio/assets/img/preview-gallery/sof-testimonial.jpg]
[webtend.net/demo/html/landio/assets/img/cta/cta-bg-2.jpg]
[webtend.net/demo/html/landio/assets/img/cta/cta-absolute-img.png]
[webtend.net/demo/html/landio/index-7.html]
[webtend.net/demo/html/landio/assets/img/logo-white-4.png]
[webtend.net/demo/html/landio/assets/img/hero/hero-8.png]
[webtend.net/demo/html/landio/assets/img/hero/hero-8-circle.png]
[webtend.net/demo/html/landio/assets/img/preview-gallery/wallet-payment-01.png]
[webtend.net/demo/html/landio/assets/img/preview-gallery/wallet-payment-02.png]
[webtend.net/demo/html/landio/assets/img/particle/wallet-icon.png]
[webtend.net/demo/html/landio/assets/img/particle/wallet-icon-2.png]
[webtend.net/demo/html/landio/assets/img/particle/wallet-icon-3.png]
[webtend.net/demo/html/landio/assets/img/preview-gallery/benefit-01.png]
[webtend.net/demo/html/landio/assets/img/preview-gallery/benefit-02.png]
[webtend.net/demo/html/landio/assets/img/brands/brand-6.png]
[webtend.net/demo/html/landio/assets/img/brands/brand-7.png]
[webtend.net/demo/html/landio/assets/img/brands/brand-8.png]
[webtend.net/demo/html/landio/assets/img/brands/brand-9.png]
[webtend.net/demo/html/landio/assets/img/brands/brand-10.png]
[webtend.net/demo/html/landio/assets/img/brands/brand-11.png]
[webtend.net/demo/html/landio/assets/img/brands/brand-12.png]
[webtend.net/demo/html/landio/assets/img/brands/brand-13.png]
[webtend.net/demo/html/landio/assets/img/screenshot-slider/01.png]
[webtend.net/demo/html/landio/assets/img/screenshot-slider/02.png]
[webtend.net/demo/html/landio/assets/img/screenshot-slider/03.png]
[webtend.net/demo/html/landio/assets/img/screenshot-slider/04.png]
[webtend.net/demo/html/landio/assets/img/cta/e-wallet.png]
[webtend.net/demo/html/landio/index-8.html]
[webtend.net/demo/html/landio/services.html]
[webtend.net/demo/html/landio/assets/img/services/service-details-thumbnail-1.jpg]
[webtend.net/demo/html/landio/assets/img/services/service-details-thumbnail-2.jpg]
[webtend.net/demo/html/landio/assets/img/services/service-details-thumbnail-3.jpg]
[webtend.net/demo/html/landio/service-details.html]
[webtend.net/demo/html/landio/assets/img/preview-gallery/about-thumbnail-1.jpg]
[webtend.net/demo/html/landio/assets/img/preview-gallery/about-thumbnail-3.jpg]
[webtend.net/demo/html/landio/assets/img/preview-gallery/about-thumbnail-2.jpg]
[webtend.net/demo/html/landio/assets/img/preview-gallery/about-thumbnail-4.jpg]
[webtend.net/demo/html/landio/assets/img/team/member-5.jpg]
[webtend.net/demo/html/landio/assets/img/team/member-6.jpg]
[webtend.net/demo/html/landio/assets/img/team/member-7.jpg]
[webtend.net/demo/html/landio/assets/img/team/member-8.jpg]
[webtend.net/demo/html/landio/about.html]
[webtend.net/demo/html/landio/assets/img/preview-gallery/team-skills-thumbnail-1.jpg]
[webtend.net/demo/html/landio/assets/img/preview-gallery/team-skills-thumbnail-2.jpg]
[webtend.net/demo/html/landio/team.html]
[webtend.net/demo/html/landio/assets/img/faq/faq-image-2.png]
[webtend.net/demo/html/landio/pricing.html]
[webtend.net/demo/html/landio/assets/img/coming-soon.png]
[webtend.net/demo/html/landio/coming-soon.html]
[webtend.net/demo/html/landio/assets/img/error-404.png]
[webtend.net/demo/html/landio/404.html]
[webtend.net/demo/html/landio/assets/img/blog/blog-standard-thumbnail-1.jpg]
[webtend.net/demo/html/landio/assets/img/blog/blog-standard-thumbnail-2.jpg]
[webtend.net/demo/html/landio/assets/img/blog/blog-standard-thumbnail-3.jpg]
[webtend.net/demo/html/landio/assets/img/blog/latest-post-thumbnail-1.jpg]
[webtend.net/demo/html/landio/assets/img/blog/latest-post-thumbnail-2.jpg]
[webtend.net/demo/html/landio/assets/img/blog/latest-post-thumbnail-3.jpg]
[webtend.net/demo/html/landio/blog-standard.html]
[webtend.net/demo/html/landio/assets/img/blog/author-thumbnail.jpg]
[webtend.net/demo/html/landio/assets/img/blog/comment-avatar-1.jpg]
[webtend.net/demo/html/landio/assets/img/blog/comment-avatar-2.jpg]
[webtend.net/demo/html/landio/assets/img/blog/comment-avatar-3.jpg]
[webtend.net/demo/html/landio/blog-details.html]
[webtend.net/demo/html/landio/www.businesscon.net]
[webtend.net/demo/html/landio/contact.html]
[webtend.net/demo/html/landio/assets/fonts/fontawesome/webfonts/fa-brands-400.html]
[webtend.net/demo/html/landio/assets/fonts/fontawesome/webfonts/fa-light-300.html]
[webtend.net/demo/html/landio/assets/fonts/fontawesome/webfonts/fa-regular-400.html]
[webtend.net/demo/html/landio/assets/fonts/fontawesome/webfonts/fa-solid-900.html]
[webtend.net/demo/html/landio/assets/fonts/flaticon/font/flaticon675b.svg]
[webtend.net/demo/html/landio/assets/fonts/circularstd/CircularStdBold.svg]
[webtend.net/demo/html/landio/assets/fonts/circularstd/CircularStdMedium.svg]
[webtend.net/demo/html/landio/assets/fonts/circularstd/CircularStdBook.svg]
[webtend.net/demo/html/landio/assets/img/particle/section-curve-shape.svg]
[webtend.net/demo/html/landio/www.landio.html]
[webtend.net/demo/html/landio/www.businesscon.html]
